#-----------------------------------------------------------
# Vivado v2024.2 (64-bit)
# SW Build 5239630 on Fri Nov 08 22:35:27 MST 2024
# IP Build 5239520 on Sun Nov 10 16:12:51 MST 2024
# SharedData Build 5239561 on Fri Nov 08 14:39:27 MST 2024
# Start of session at: Sun Jun 15 09:10:01 2025
# Process ID         : 14416
# Current directory  : D:/processor/UART_TX_RX
# Command line       : vivado.exe -gui_launcher_event rodinguilauncherevent13144 D:\processor\UART_TX_RX\UART_TX_RX.xpr
# Log file           : D:/processor/UART_TX_RX/vivado.log
# Journal file       : D:/processor/UART_TX_RX\vivado.jou
# Running On         : Sulakkana_Randil
# Platform           : Windows Server 2016 or Windows 10
# Operating System   : 22631
# Processor Detail   : AMD Ryzen 7 5800H with Radeon Graphics         
# CPU Frequency      : 3194 MHz
# CPU Physical cores : 8
# CPU Logical cores  : 16
# Host memory        : 16518 MB
# Swap memory        : 6710 MB
# Total Virtual      : 23228 MB
# Available Virtual  : 15216 MB
#-----------------------------------------------------------
start_gui
open_project D:/processor/UART_TX_RX/UART_TX_RX.xpr
update_compile_order -fileset sources_1
